// Jest Snapshot v1, https://goo.gl/fbAQLP

exports[` Card renders correctly 1`] = `
<div
  className="h-full w-full my-4 flex flex-col items-center justify-evenly shadow-lg rounded-lg md:w-1/4 p-4"
>
  <h3
    className="text-center text-xl  lg:text-3xl 2xl:text-title pb-1 capitalize"
  >
     Tickets
  </h3>
  <p
    className="text-opacity-50 text-black text-center text-sm md:text-md lg:text-paragraph py-4"
  >
    $
  </p>
</div>
`;
