// Jest Snapshot v1, https://goo.gl/fbAQLP

exports[`Communication Section renders correctly 1`] = `
<div
  className=" md:h-section flex flex-col justify-evenly px-sides"
>
  <h1
    className="sm:text-xl md:text-4xl xl:text-title pb-2 uppercase mb-2"
  >
    we can communicate through
  </h1>
  <div
    className="flex flex-col md:flex-row items-center md:items-start md:justify-around"
  >
    <div
      className="h-full w-full my-4 flex flex-col items-center justify-evenly shadow-lg rounded-lg md:w-1/4 p-4"
    >
      <img
        alt=""
        className="flex-initial mb-4"
        src="phone-cell.svg"
      />
      <h3
        className="text-center text-xl  lg:text-3xl 2xl:text-title pb-1 capitalize"
      >
        voice call
         Tickets
      </h3>
      <p
        className="text-opacity-50 text-black text-center text-sm md:text-md lg:text-paragraph py-4"
      >
        Feeling ready to start a conversation? Give your therapist a voice call and talk your heart out!
        $
      </p>
    </div>
    <div
      className="h-full w-full my-4 flex flex-col items-center justify-evenly shadow-lg rounded-lg md:w-1/4 p-4"
    >
      <img
        alt=""
        className="flex-initial mb-4"
        src="chat-icon.svg"
      />
      <h3
        className="text-center text-xl  lg:text-3xl 2xl:text-title pb-1 capitalize"
      >
        chat
         Tickets
      </h3>
      <p
        className="text-opacity-50 text-black text-center text-sm md:text-md lg:text-paragraph py-4"
      >
        Need to talk to someone?Come have a chat with your therapist!
        $
      </p>
    </div>
    <div
      className="h-full w-full my-4 flex flex-col items-center justify-evenly shadow-lg rounded-lg md:w-1/4 p-4"
    >
      <img
        alt=""
        className="flex-initial mb-4"
        src="video-call-icon.svg"
      />
      <h3
        className="text-center text-xl  lg:text-3xl 2xl:text-title pb-1 capitalize"
      >
        video call
         Tickets
      </h3>
      <p
        className="text-opacity-50 text-black text-center text-sm md:text-md lg:text-paragraph py-4"
      >
        For better experience therapists recommend video calls, but always remember that its a choice!
        $
      </p>
    </div>
  </div>
</div>
`;
