// Jest Snapshot v1, https://goo.gl/fbAQLP

exports[`Landing renders correctly 1`] = `
<div
  className="h-firstsection mt-navbar"
>
  <div
    className="absolute top-0 left-0 z-0"
  >
    <img
      alt="Background"
      className=""
      src="Background.svg"
    />
  </div>
  <div
    className="flex lg:flex-row flex-col lg:justify-between lg:m-56 relative z-40"
  >
    <div
      className="pt-20 pb-28 flex flex-col lg:transform lg:translate-y-0 transform translate-y-56"
    >
      <div
        className="lg:text-4xl text-base pl-4"
      >
        WE ARE HERE TO
      </div>
      <div
        className="lg:text-9xl  text-6xl pl-4"
      >
        HELP
      </div>
      <div>
        <button
          className="mt-6 ml-4 py-2 px-6 lg:py-4 lg:px-6 lg:text-subtitle text-base rounded-md bg-blue-dark border hover:bg-white hover:text-blue-dark hover:border-blue-dark"
          onClick={[Function]}
          type="button"
        >
          BOOK AN APPOINTMENT
        </button>
      </div>
    </div>
    <div
      className="transform -translate-y-72 w-64 lg:transform lg:-translate-y-0 lg:w-auto lg:ml-0 ml-16"
    >
      <img
        alt="HP_illustration"
        src="HP_illustration.svg"
      />
    </div>
  </div>
</div>
`;
