// Jest Snapshot v1, https://goo.gl/fbAQLP

exports[`Recent Blog renders correctly 1`] = `
<div
  className="flex flex-col justify-evenly h-64 lg:h-section px-sides bg-blue-light"
>
  <div
    className="text-2xl lg:text-title"
  >
    RECENT BLOGS
  </div>
  <div
    className="flex justify-between items-center"
  >
    <button
      className="mr-2 lg:mr-4 h-10 lg:h-12 w-10 lg:w-12 px-3 bg-white rounded-lg border-2 border-black hover:bg-blue-dark"
      onClick={[Function]}
      type="button"
    >
      <img
        alt="Previous"
        src="Prev.svg"
      />
    </button>
    <div
      className="relative h-40 lg:h-80 w-full overflow-hidden"
    >
      <div
        className="h-44 lg:h-96 box-border whitespace-nowrap overflow-x-auto overflow-y-hidden"
        id="Menu"
      >
        <div
          className="relative inline-block w-11/12 lg:w-2/6 h-40 lg:h-80 box-border mx-2 lg:mx-12"
          id="Mental Health & Technology"
          onClick={[Function]}
        >
          <img
            alt="Background"
            className="rounded-lg absolute h-full w-full cursor-pointer"
            src="Tech.svg"
          />
          <div
            className="w-24 lg:w-44 p-2 rounded-lg text-center whitespace-normal cursor-pointer absolute bottom-6 left-2 lg:bottom-8 lg:left-4 text-white text-xs lg:text-paragraph bg-black bg-opacity-50"
          >
            Mental Health & Technology
          </div>
        </div>
        <div
          className="relative inline-block w-11/12 lg:w-2/6 h-40 lg:h-80 box-border mx-2 lg:mx-12"
          id="Healing Trauma"
          onClick={[Function]}
        >
          <img
            alt="Background"
            className="rounded-lg absolute h-full w-full cursor-pointer"
            src="Trauma.svg"
          />
          <div
            className="w-24 lg:w-44 p-2 rounded-lg text-center whitespace-normal cursor-pointer absolute bottom-6 left-2 lg:bottom-8 lg:left-4 text-white text-xs lg:text-paragraph bg-black bg-opacity-50"
          >
            Healing Trauma
          </div>
        </div>
        <div
          className="relative inline-block w-11/12 lg:w-2/6 h-40 lg:h-80 box-border mx-2 lg:mx-12"
          id="Mental Health & Technology"
          onClick={[Function]}
        >
          <img
            alt="Background"
            className="rounded-lg absolute h-full w-full cursor-pointer"
            src="Tech.svg"
          />
          <div
            className="w-24 lg:w-44 p-2 rounded-lg text-center whitespace-normal cursor-pointer absolute bottom-6 left-2 lg:bottom-8 lg:left-4 text-white text-xs lg:text-paragraph bg-black bg-opacity-50"
          >
            Mental Health & Technology
          </div>
        </div>
        <div
          className="relative inline-block w-11/12 lg:w-2/6 h-40 lg:h-80 box-border mx-2 lg:mx-12"
          id="Healing Trauma"
          onClick={[Function]}
        >
          <img
            alt="Background"
            className="rounded-lg absolute h-full w-full cursor-pointer"
            src="Trauma.svg"
          />
          <div
            className="w-24 lg:w-44 p-2 rounded-lg text-center whitespace-normal cursor-pointer absolute bottom-6 left-2 lg:bottom-8 lg:left-4 text-white text-xs lg:text-paragraph bg-black bg-opacity-50"
          >
            Healing Trauma
          </div>
        </div>
        <div
          className="relative inline-block w-11/12 lg:w-2/6 h-40 lg:h-80 box-border mx-2 lg:mx-12"
          id="Mental Health & Technology"
          onClick={[Function]}
        >
          <img
            alt="Background"
            className="rounded-lg absolute h-full w-full cursor-pointer"
            src="Tech.svg"
          />
          <div
            className="w-24 lg:w-44 p-2 rounded-lg text-center whitespace-normal cursor-pointer absolute bottom-6 left-2 lg:bottom-8 lg:left-4 text-white text-xs lg:text-paragraph bg-black bg-opacity-50"
          >
            Mental Health & Technology
          </div>
        </div>
        <div
          className="relative inline-block w-11/12 lg:w-2/6 h-40 lg:h-80 box-border mx-2 lg:mx-12"
          id="Healing Trauma"
          onClick={[Function]}
        >
          <img
            alt="Background"
            className="rounded-lg absolute h-full w-full cursor-pointer"
            src="Trauma.svg"
          />
          <div
            className="w-24 lg:w-44 p-2 rounded-lg text-center whitespace-normal cursor-pointer absolute bottom-6 left-2 lg:bottom-8 lg:left-4 text-white text-xs lg:text-paragraph bg-black bg-opacity-50"
          >
            Healing Trauma
          </div>
        </div>
      </div>
    </div>
    <button
      className="ml-2 lg:ml-4 h-10 lg:h-12 w-10 lg:w-12 px-3 bg-white rounded-lg border-2 border-black hover:bg-blue-dark"
      onClick={[Function]}
      type="button"
    >
      <img
        alt="Previous"
        src="Next.svg"
      />
    </button>
  </div>
</div>
`;
