// Jest Snapshot v1, https://goo.gl/fbAQLP

exports[` Contact Page renders correctly 1`] = `
Array [
  <div
    className="h-firstsection pt-navbar px-sides flex flex-col justify-evenly w-full"
  >
    <div>
      <div
        className="text-2xl sm:text-title sm:mb-0 mb-3"
      >
        Contact.Title
      </div>
      <div
        className="sm:text-subtitle sm:mb-0 mb-10  text-gray-700 md:text-sm lg:text-xl lg:text-gray-700 lg:text-subtitle md:mt-5 md:flex-col md:justify-evenly md:flex"
      >
        Contact.Subtitle
      </div>
    </div>
    <div
      className="flex justify-between sm:flex-row flex-col"
    >
      <div>
        <div
          className="text-subtitle mb-4 text-sm sm:text-lg"
        >
          Contact.Type
        </div>
        <div
          className="flex flex-col justify-between"
        >
          <div
            className="flex ml-4 my-2"
          >
            <input
              className="my-2 mr-4"
              name="ContactRadio"
              onChange={[Function]}
              type="radio"
              value="ServiceQuestion"
            />
            <div
              className="text-paragraph sm:text-lg text-xm"
            >
              Contact.Choice1
            </div>
          </div>
          <div
            className="flex ml-4 my-2"
          >
            <input
              className="my-2 mr-4"
              name="ContactRadio"
              onChange={[Function]}
              type="radio"
              value="ClientSupport"
            />
            <div
              className="text-paragraph sm:text-lg text-xm"
            >
              Contact.Choice2
            </div>
          </div>
          <div
            className="flex ml-4 my-2"
          >
            <input
              className="my-2 mr-4"
              name="ContactRadio"
              onChange={[Function]}
              type="radio"
              value="CouncelorInterest"
            />
            <div
              className="text-paragraph sm:text-lg text-xm"
            >
              Contact.Choice3
            </div>
          </div>
          <div
            className="flex ml-4 my-2"
          >
            <input
              className="my-2 mr-4"
              name="ContactRadio"
              onChange={[Function]}
              type="radio"
              value="CounselorSupport"
            />
            <div
              className="text-paragraph sm:text-lg text-xm"
            >
              Contact.Choice4
            </div>
          </div>
          <div
            className="flex ml-4 my-2"
          >
            <input
              className="my-2 mr-4"
              name="ContactRadio"
              onChange={[Function]}
              type="radio"
              value="BusinessInquiry"
            />
            <div
              className="text-paragraph sm:text-lg text-xm"
            >
              Contact.Choice5
            </div>
          </div>
          <div
            className="flex ml-4 my-2"
          >
            <input
              className="my-2 mr-4"
              name="ContactRadio"
              onChange={[Function]}
              type="radio"
              value="OrganizationInterest"
            />
            <div
              className="text-paragraph sm:text-lg text-xm"
            >
              Contact.Choice6
            </div>
          </div>
          <div
            className="flex ml-4 my-2"
          >
            <input
              className="my-2 mr-4"
              name="ContactRadio"
              onChange={[Function]}
              type="radio"
              value="BillingQuestion"
            />
            <div
              className="text-paragraph sm:text-lg text-xm"
            >
              Contact.Choice7
            </div>
          </div>
        </div>
      </div>
      <img
        alt="contact pic"
        className="sm:block hidden"
        src="ContactPic.svg"
      />
    </div>
  </div>,
  <div
    className="flex flex-col px-sides sm:mt-0 mt-20 h-section items-center sm:flex-row w-full"
  >
    <form
      className="flex flex-col sm:w-1/2 w-full"
    >
      <div
        className="mb-8"
      >
        <label
          className="mb-2  block text-paragraph"
        >
          Contact.Name
        </label>
        <input
          className="p-2 w-3/4 text-paragraph text-gray-700 rounded-lg border-2 border-gray-400 shadow-lg"
          onBlur={[Function]}
          placeholder="Enter your full name"
        />
      </div>
      <div
        className="mb-8"
      >
        <label
          className="mb-2 block text-paragraph"
        >
          Contact.Email
        </label>
        <input
          className="p-2 w-3/4 text-paragraph text-gray-700 rounded-lg border-2 border-gray-400 shadow-lg"
          onBlur={[Function]}
          placeholder="Enter your email address"
        />
      </div>
      <div
        className="mb-8"
      >
        <label
          className="mb-2 block text-paragraph"
        >
          Contact.Details
        </label>
        <textarea
          className="p-2 w-3/4 h-52 text-paragraph text-gray-700 rounded-lg border-2 border-gray-400 shadow-lg"
          onBlur={[Function]}
          placeholder="Enter your details here..."
        />
      </div>
      <button
        className="w-32 h-12 text-subtitle bg-blue-dark rounded-lg border-2 border-transparent hover:bg-white hover:text-blue-dark hover:border-blue-dark"
        onClick={[Function]}
        type="button"
      >
        Booking.SubmitBtn
      </button>
    </form>
    <div
      className="sm:w-1/2 w-full flex justify-center "
    >
      <div
        className="bg-blue-light rounded-lg p-6 sm:w-72 w-56 h-64  "
      >
        <div
          className="text-subtitle mb-4"
        >
          Contact.Find
        </div>
        <div
          className="text-paragraph text-gray-700"
        >
          Nergiz Plaza
        </div>
        <div
          className="text-paragraph text-gray-700"
        >
          3rd Floor
        </div>
        <div
          className="text-paragraph text-gray-700"
        >
          Bakhtiyari Street 40m
        </div>
        <div
          className="text-paragraph text-gray-700"
        >
          Erbil, Iraq
        </div>
        <div
          className="text-paragraph text-gray-700"
        >
          44001
        </div>
      </div>
    </div>
  </div>,
]
`;
