// Jest Snapshot v1, https://goo.gl/fbAQLP

exports[`Careers renders correctly 1`] = `
<div>
  <div
    className="lg:h-firstsection pt-navbar"
  >
    <div
      className="px-sides flex flex-col justify-evenly h-3/5 py-4"
    >
      <div>
        <div
          className="text-3xl lg:text-title"
        >
          Open.Title
        </div>
        <div
          className="text-xl lg:text-subtitle text-gray-600 mt-4"
        >
          Open.Subtitle
        </div>
      </div>
      <div
        className="text-lg lg:text-paragraph text-gray-600 mt-4 text-justify"
      >
        Open.Intro
      </div>
      <div
        className="self-center lg:self-auto text-lg lg:text-paragraph text-gray-600 mt-4"
      >
        Open.Question
      </div>
      <button
        className="uppercase transition-all duration-300 self-center lg:self-auto w-52 lg:w-64 h-12 text-xl lg:text-subtitle bg-blue-dark rounded-lg border-2 border-transparent hover:bg-white hover:text-blue-dark hover:border-blue-dark"
        onClick={[Function]}
        type="button"
      >
        Careers.Btn
      </button>
    </div>
    <div
      className="bg-yellow-primary px-sides h-2/5 flex flex-col justify-evenly py-4"
    >
      <div
        className="text-3xl lg:text-title"
      >
        Open.Hiring
      </div>
      <div
        className="text-xl lg:text-subtitle text-gray-600 mt-4 text-justify"
      >
        Open.HiringIntro
      </div>
    </div>
  </div>
  <div
    className="h-section flex flex-col justify-around px-sides py-8"
    id="Openings"
  >
    <div>
      <div
        className="text-3xl lg:text-title"
      >
        Open.Positions
      </div>
      <div
        className="text-xl lg:text-subtitle text-gray-700"
      >
        Open.Instruct
      </div>
      <a
        className="text-xl lg:text-subtitle text-blue-dark hover:underline"
        href="mailto:recruitment@healing.com"
      >
        recruitment@healing.com
      </a>
    </div>
    <div
      className="h-3/4 overflow-y-scroll my-4 lg:my-0"
    >
      <div
        className="flex flex-col justify-between w-11/12 border-b-2 border-gray-700 mb-6 py-4"
      >
        <div>
          <div
            className="text-blue-dark text-lg lg:text-subtitle"
          >
            Senior Software Developer | Backend | Remote in the USA
          </div>
          <div
            className="text-gray-700 text-base lg:text-paragraph"
          >
            Healing is looking for a Senior Software Developer to join our Application Development team.
          </div>
        </div>
        <div
          className="flex flex-col"
        >
          <div
            className="text-lg lg:text-subtitle text-blue-dark"
          >
            Engineering
          </div>
          <div
            className="text-gray-700 text-base lg:text-paragraph"
          >
            Application Development
          </div>
        </div>
      </div>
      <div
        className="flex flex-col justify-between w-11/12 border-b-2 border-gray-700 mb-6 py-4"
      >
        <div>
          <div
            className="text-blue-dark text-lg lg:text-subtitle"
          >
            Senior Software Developer | Backend | Remote in the USA
          </div>
          <div
            className="text-gray-700 text-base lg:text-paragraph"
          >
            Healing is looking for a Senior Software Developer to join our Application Development team.
          </div>
        </div>
        <div
          className="flex flex-col"
        >
          <div
            className="text-lg lg:text-subtitle text-blue-dark"
          >
            Engineering
          </div>
          <div
            className="text-gray-700 text-base lg:text-paragraph"
          >
            Application Development
          </div>
        </div>
      </div>
      <div
        className="flex flex-col justify-between w-11/12 border-b-2 border-gray-700 mb-6 py-4"
      >
        <div>
          <div
            className="text-blue-dark text-lg lg:text-subtitle"
          >
            Senior Software Developer | Backend | Remote in the USA
          </div>
          <div
            className="text-gray-700 text-base lg:text-paragraph"
          >
            Healing is looking for a Senior Software Developer to join our Application Development team.
          </div>
        </div>
        <div
          className="flex flex-col"
        >
          <div
            className="text-lg lg:text-subtitle text-blue-dark"
          >
            Engineering
          </div>
          <div
            className="text-gray-700 text-base lg:text-paragraph"
          >
            Application Development
          </div>
        </div>
      </div>
      <div
        className="flex flex-col justify-between w-11/12 border-b-2 border-gray-700 mb-6 py-4"
      >
        <div>
          <div
            className="text-blue-dark text-lg lg:text-subtitle"
          >
            Senior Software Developer | Backend | Remote in the USA
          </div>
          <div
            className="text-gray-700 text-base lg:text-paragraph"
          >
            Healing is looking for a Senior Software Developer to join our Application Development team.
          </div>
        </div>
        <div
          className="flex flex-col"
        >
          <div
            className="text-lg lg:text-subtitle text-blue-dark"
          >
            Engineering
          </div>
          <div
            className="text-gray-700 text-base lg:text-paragraph"
          >
            Application Development
          </div>
        </div>
      </div>
      <div
        className="flex flex-col justify-between w-11/12 border-b-2 border-gray-700 mb-6 py-4"
      >
        <div>
          <div
            className="text-blue-dark text-lg lg:text-subtitle"
          >
            Senior Software Developer | Backend | Remote in the USA
          </div>
          <div
            className="text-gray-700 text-base lg:text-paragraph"
          >
            Healing is looking for a Senior Software Developer to join our Application Development team.
          </div>
        </div>
        <div
          className="flex flex-col"
        >
          <div
            className="text-lg lg:text-subtitle text-blue-dark"
          >
            Engineering
          </div>
          <div
            className="text-gray-700 text-base lg:text-paragraph"
          >
            Application Development
          </div>
        </div>
      </div>
    </div>
  </div>
</div>
`;
