// Jest Snapshot v1, https://goo.gl/fbAQLP

exports[` Opening renders correctly 1`] = `
<div
  className="h-section flex flex-col justify-around px-sides py-8"
  id="Openings"
>
  <div>
    <div
      className="text-3xl lg:text-title"
    >
      CURRENT OPEN POSITIONS
    </div>
    <div
      className="text-xl lg:text-subtitle text-gray-700"
    >
      Please send us an email with the application title as the subject with an attached CV in PDF format at:
    </div>
    <a
      className="text-xl lg:text-subtitle text-blue-dark hover:underline"
      href="mailto:recruitment@healing.com"
    >
      recruitment@healing.com
    </a>
  </div>
  <div
    className="h-3/4 overflow-y-scroll my-4 lg:my-0"
  >
    <div
      className="flex flex-col justify-between w-11/12 border-b-2 border-gray-700 mb-6 py-4"
    >
      <div>
        <div
          className="text-blue-dark text-lg lg:text-subtitle"
        >
          Senior Software Developer | Backend | Remote in the USA
        </div>
        <div
          className="text-gray-700 text-base lg:text-paragraph"
        >
          Healing is looking for a Senior Software Developer to join our Application Development team.
        </div>
      </div>
      <div
        className="flex flex-col"
      >
        <div
          className="text-lg lg:text-subtitle text-blue-dark"
        >
          Engineering
        </div>
        <div
          className="text-gray-700 text-base lg:text-paragraph"
        >
          Application Development
        </div>
      </div>
    </div>
    <div
      className="flex flex-col justify-between w-11/12 border-b-2 border-gray-700 mb-6 py-4"
    >
      <div>
        <div
          className="text-blue-dark text-lg lg:text-subtitle"
        >
          Senior Software Developer | Backend | Remote in the USA
        </div>
        <div
          className="text-gray-700 text-base lg:text-paragraph"
        >
          Healing is looking for a Senior Software Developer to join our Application Development team.
        </div>
      </div>
      <div
        className="flex flex-col"
      >
        <div
          className="text-lg lg:text-subtitle text-blue-dark"
        >
          Engineering
        </div>
        <div
          className="text-gray-700 text-base lg:text-paragraph"
        >
          Application Development
        </div>
      </div>
    </div>
    <div
      className="flex flex-col justify-between w-11/12 border-b-2 border-gray-700 mb-6 py-4"
    >
      <div>
        <div
          className="text-blue-dark text-lg lg:text-subtitle"
        >
          Senior Software Developer | Backend | Remote in the USA
        </div>
        <div
          className="text-gray-700 text-base lg:text-paragraph"
        >
          Healing is looking for a Senior Software Developer to join our Application Development team.
        </div>
      </div>
      <div
        className="flex flex-col"
      >
        <div
          className="text-lg lg:text-subtitle text-blue-dark"
        >
          Engineering
        </div>
        <div
          className="text-gray-700 text-base lg:text-paragraph"
        >
          Application Development
        </div>
      </div>
    </div>
    <div
      className="flex flex-col justify-between w-11/12 border-b-2 border-gray-700 mb-6 py-4"
    >
      <div>
        <div
          className="text-blue-dark text-lg lg:text-subtitle"
        >
          Senior Software Developer | Backend | Remote in the USA
        </div>
        <div
          className="text-gray-700 text-base lg:text-paragraph"
        >
          Healing is looking for a Senior Software Developer to join our Application Development team.
        </div>
      </div>
      <div
        className="flex flex-col"
      >
        <div
          className="text-lg lg:text-subtitle text-blue-dark"
        >
          Engineering
        </div>
        <div
          className="text-gray-700 text-base lg:text-paragraph"
        >
          Application Development
        </div>
      </div>
    </div>
    <div
      className="flex flex-col justify-between w-11/12 border-b-2 border-gray-700 mb-6 py-4"
    >
      <div>
        <div
          className="text-blue-dark text-lg lg:text-subtitle"
        >
          Senior Software Developer | Backend | Remote in the USA
        </div>
        <div
          className="text-gray-700 text-base lg:text-paragraph"
        >
          Healing is looking for a Senior Software Developer to join our Application Development team.
        </div>
      </div>
      <div
        className="flex flex-col"
      >
        <div
          className="text-lg lg:text-subtitle text-blue-dark"
        >
          Engineering
        </div>
        <div
          className="text-gray-700 text-base lg:text-paragraph"
        >
          Application Development
        </div>
      </div>
    </div>
  </div>
</div>
`;
