// Jest Snapshot v1, https://goo.gl/fbAQLP

exports[`renders correctly 1`] = `
<div
  className="flex flex-col w-40 mt-2 lg:w-52 bg-blue-light rounded-3xl justify-between mx-2"
>
  <div
    className="lg:h-60"
  >
    <img
      alt="MemberImage"
      className="lg:w-full"
    />
    <div
      className="h-2 w-full bg-green-300"
    />
  </div>
  <div
    className="h-48 flex flex-col justify-around"
  >
    <div
      className="text-gray-700 text-lg lg:text-subtitle text-center"
    />
    <div
      className="text-gray-700 text-lg lg:text-paragraph text-center"
    />
  </div>
</div>
`;
