// Jest Snapshot v1, https://goo.gl/fbAQLP

exports[`Booking1 renders correctly 1`] = `
<div
  className="lg:h-firstsection px-sides pt-navbar"
>
  <h1
    className="text-3xl lg:text-title uppercase my-8"
  >
    Booking.Title1
  </h1>
  <h3
    className="text-md lg:text-subtitle opacity-50 text-justify"
  >
    Booking.Subtitle1
  </h3>
  <div
    className="flex flex-col justify-between w-full md:max-w-md lg:max-w-2xl my-16 mx-auto px-8 py-4 shadow-md"
  >
    <ul>
      <h1
        className="text-lg lg:text-subtitle"
      >
        Booking.Q1
      </h1>
      <button
        className="w-full my-4 p-4 lg:p-6 text-left text-md lg:text-paragraph hover:cursor-pointer bg-white border border-black border-opacity-20 rounded-lg"
        onClick={[Function]}
        type="button"
      >
        Booking.Choice11
      </button>
      <button
        className="w-full my-4 p-4 lg:p-6 text-left text-md lg:text-paragraph hover:cursor-pointer bg-white border border-black border-opacity-20 rounded-lg"
        onClick={[Function]}
        type="button"
      >
        Booking.Choice12
      </button>
    </ul>
    <div
      className="flex justify-end mt-16"
    >
      <button
        className=" uppercase bg-blue-dark h-12 w-32 text-md lg:text-subtitle rounded-lg border hover:bg-transparent hover:border-blue-dark hover:text-blue-dark transition duration-300"
        onClick={[Function]}
        type="button"
      >
        Booking.Next
      </button>
    </div>
  </div>
</div>
`;
