// Jest Snapshot v1, https://goo.gl/fbAQLP

exports[`renders correctly 1`] = `
<div
  className="my-4 flex flex-col justify-evenly px-sides pt-navbar lg:h-firstsection"
>
  <div>
    <div
      className="text-3xl lg:text-title"
    >
      ADD CARD DETAILS
    </div>
    <div
      className="text-lg lg:text-subtitle lg:mt-4 text-gray-700"
    >
      Please make sure all of the info you enter are the same as your card registration info.
    </div>
  </div>
  <div
    className="flex flex-col lg:flex-row justify-between items-center  "
  >
    <div
      className="flex flex-col justify-start h-full"
    >
      <div
        className="my-4"
      >
        <div
          className="text-paragraph text-gray-700"
        >
          Supported Card Types
        </div>
        <div
          className="flex"
        >
          <div
            className="leading-snug h-12 px-1 py-2 text-paragraph text-blue-dark border-2 border-r-0 border-blue-dark w-36 text-center rounded-lg rounded-r-none"
          >
            MasterCard
          </div>
          <div
            className="leading-snug h-12 px-1 py-2 text-paragraph text-blue-dark border-2 border-blue-dark w-36 text-center rounded-lg rounded-l-none"
          >
            VisaCard
          </div>
        </div>
      </div>
      <div
        className="my-4"
      >
        <div
          className="text-paragraph text-gray-700"
        >
          Card Number
        </div>
        <input
          className="w-72 h-12 text-paragraph text-gray-700 border-2 border-gray-700 p-2 rounded-lg"
          placeholder="XXXX XXXX XXXX XXXX"
        />
      </div>
      <div
        className="flex justify-between w-64 my-4"
      >
        <div>
          <div
            className="text-paragraph text-gray-700"
          >
            Expiry Date
          </div>
          <input
            className="w-36 h-12 mr-1 text-paragraph text-gray-700 border-2 border-gray-700 p-2 rounded-lg"
            placeholder="MM / YY"
          />
        </div>
        <div>
          <div
            className="text-paragraph text-gray-700"
          >
            CVV Code
          </div>
          <input
            className="w-36 h-12 text-paragraph text-gray-700 border-2 border-gray-700 p-2 rounded-lg"
            placeholder="XXX"
          />
        </div>
      </div>
      <div
        className="my-4"
      >
        <div
          className="w-72 text-paragraph text-gray-700"
        >
          Name on Card
        </div>
        <input
          className="w-72 h-12 text-paragraph text-gray-700 border-2 border-gray-700 p-2 rounded-lg"
          placeholder="John Doe"
        />
      </div>
    </div>
    <div
      className="flex flex-col justify-start h-full"
    >
      <div
        className="my-4"
      >
        <div
          className="text-paragraph text-gray-700"
        >
          Country
        </div>
        <select
          className="w-72 h-12 p-2 border-gray-700 border-2 rounded-lg"
        >
          <option
            className="py-1 text-paragraph text-gray-700"
            value="United States"
          >
            United States
          </option>
          <option
            className="py-1 text-paragraph text-gray-700"
            value="Iraq"
          >
            Iraq
          </option>
          <option
            className="py-1 text-paragraph text-gray-700"
            value="United Kingdom"
          >
            United Kingdom
          </option>
        </select>
      </div>
      <div
        className="my-4"
      >
        <div
          className="text-paragraph text-gray-700"
        >
          ZIP Code
        </div>
        <input
          className="w-72 h-12 text-paragraph text-gray-700 border-2 border-gray-700 p-2 rounded-lg"
          placeholder="XXXXX or XXXXX-XXXX"
        />
      </div>
      <div
        className="my-4"
      >
        <div
          className="text-paragraph text-gray-700"
        >
          City
        </div>
        <select
          className="w-72 h-12 p-2 border-gray-700 border-2 rounded-lg"
        >
          <option
            className="py-1 text-paragraph text-gray-700"
            value="Sulaymaniyah"
          >
            Sulaymaniyah
          </option>
          <option
            className="py-1 text-paragraph text-gray-700"
            value="Erbil"
          >
            Erbil
          </option>
          <option
            className="py-1 text-paragraph text-gray-700"
            value="Dohuk"
          >
            Dohuk
          </option>
        </select>
      </div>
      <div
        className="my-4"
      >
        <div
          className="text-paragraph text-gray-700"
        >
          Address
        </div>
        <input
          className="w-72 h-12 text-paragraph text-gray-700 border-2 border-gray-700 p-2 rounded-lg"
          placeholder="House, Street"
        />
      </div>
    </div>
    <div
      className="flex lg:flex-col justify-center h-full w-full lg:w-auto lg:mr-56"
    >
      <img
        alt="MasterCard"
        className="w-1/2 lg:w-auto lg:mt-3 lg:h-56"
        src="Card1.svg"
      />
      <img
        alt="VisaCard"
        className="w-1/2 lg:w-auto lg:mt-3 lg:h-56"
        src="Card2.svg"
      />
    </div>
  </div>
  <button
    className="self-center h-12 w-32 lg:w-48 text-lg lg:text-subtitle bg-blue-dark rounded-lg border-2 border-transparent hover:bg-white hover:text-blue-dark hover:border-blue-dark"
    type="button"
  >
    ADD CARD
  </button>
</div>
`;
